
Discarded input sections

 .text          0x00000000        0x0 ..\obj\delay.o
 .data          0x00000000        0x0 ..\obj\delay.o
 .bss           0x00000000        0x0 ..\obj\delay.o
 .text          0x00000000        0x0 ..\obj\stm32f10x_tim.o
 .data          0x00000000        0x0 ..\obj\stm32f10x_tim.o
 .bss           0x00000000        0x0 ..\obj\stm32f10x_tim.o
 .text.TIM_DeInit
                0x00000000      0x2b0 ..\obj\stm32f10x_tim.o
 .text.TIM_OC1Init
                0x00000000      0x128 ..\obj\stm32f10x_tim.o
 .text.TIM_OC2Init
                0x00000000      0x128 ..\obj\stm32f10x_tim.o
 .text.TIM_OC3Init
                0x00000000      0x120 ..\obj\stm32f10x_tim.o
 .text.TIM_OC4Init
                0x00000000       0xe0 ..\obj\stm32f10x_tim.o
 .text.TIM_ICInit
                0x00000000       0xa8 ..\obj\stm32f10x_tim.o
 .text.TIM_PWMIConfig
                0x00000000       0xc4 ..\obj\stm32f10x_tim.o
 .text.TIM_BDTRConfig
                0x00000000       0x50 ..\obj\stm32f10x_tim.o
 .text.TIM_OCStructInit
                0x00000000       0x54 ..\obj\stm32f10x_tim.o
 .text.TIM_ICStructInit
                0x00000000       0x3c ..\obj\stm32f10x_tim.o
 .text.TIM_BDTRStructInit
                0x00000000       0x4c ..\obj\stm32f10x_tim.o
 .text.TIM_CtrlPWMOutputs
                0x00000000       0x50 ..\obj\stm32f10x_tim.o
 .text.TIM_GenerateEvent
                0x00000000       0x1c ..\obj\stm32f10x_tim.o
 .text.TIM_DMAConfig
                0x00000000       0x28 ..\obj\stm32f10x_tim.o
 .text.TIM_DMACmd
                0x00000000       0x48 ..\obj\stm32f10x_tim.o
 .text.TIM_InternalClockConfig
                0x00000000       0x24 ..\obj\stm32f10x_tim.o
 .text.TIM_ITRxExternalClockConfig
                0x00000000       0x30 ..\obj\stm32f10x_tim.o
 .text.TIM_TIxExternalClockConfig
                0x00000000       0x58 ..\obj\stm32f10x_tim.o
 .text.TIM_ETRClockMode1Config
                0x00000000       0x54 ..\obj\stm32f10x_tim.o
 .text.TIM_ETRClockMode2Config
                0x00000000       0x34 ..\obj\stm32f10x_tim.o
 .text.TIM_ETRConfig
                0x00000000       0x4c ..\obj\stm32f10x_tim.o
 .text.TIM_PrescalerConfig
                0x00000000       0x28 ..\obj\stm32f10x_tim.o
 .text.TIM_CounterModeConfig
                0x00000000       0x38 ..\obj\stm32f10x_tim.o
 .text.TIM_SelectInputTrigger
                0x00000000       0x38 ..\obj\stm32f10x_tim.o
 .text.TIM_ForcedOC1Config
                0x00000000       0x38 ..\obj\stm32f10x_tim.o
 .text.TIM_ForcedOC2Config
                0x00000000       0x40 ..\obj\stm32f10x_tim.o
 .text.TIM_ForcedOC3Config
                0x00000000       0x38 ..\obj\stm32f10x_tim.o
 .text.TIM_ForcedOC4Config
                0x00000000       0x40 ..\obj\stm32f10x_tim.o
 .text.TIM_ARRPreloadConfig
                0x00000000       0x40 ..\obj\stm32f10x_tim.o
 .text.TIM_SelectCOM
                0x00000000       0x40 ..\obj\stm32f10x_tim.o
 .text.TIM_SelectCCDMA
                0x00000000       0x40 ..\obj\stm32f10x_tim.o
 .text.TIM_CCPreloadControl
                0x00000000       0x40 ..\obj\stm32f10x_tim.o
 .text.TIM_OC1PreloadConfig
                0x00000000       0x38 ..\obj\stm32f10x_tim.o
 .text.TIM_OC2PreloadConfig
                0x00000000       0x40 ..\obj\stm32f10x_tim.o
 .text.TIM_OC3PreloadConfig
                0x00000000       0x38 ..\obj\stm32f10x_tim.o
 .text.TIM_OC4PreloadConfig
                0x00000000       0x40 ..\obj\stm32f10x_tim.o
 .text.TIM_OC1FastConfig
                0x00000000       0x38 ..\obj\stm32f10x_tim.o
 .text.TIM_OC2FastConfig
                0x00000000       0x40 ..\obj\stm32f10x_tim.o
 .text.TIM_OC3FastConfig
                0x00000000       0x38 ..\obj\stm32f10x_tim.o
 .text.TIM_OC4FastConfig
                0x00000000       0x40 ..\obj\stm32f10x_tim.o
 .text.TIM_ClearOC1Ref
                0x00000000       0x38 ..\obj\stm32f10x_tim.o
 .text.TIM_ClearOC2Ref
                0x00000000       0x44 ..\obj\stm32f10x_tim.o
 .text.TIM_ClearOC3Ref
                0x00000000       0x38 ..\obj\stm32f10x_tim.o
 .text.TIM_ClearOC4Ref
                0x00000000       0x44 ..\obj\stm32f10x_tim.o
 .text.TIM_OC1PolarityConfig
                0x00000000       0x38 ..\obj\stm32f10x_tim.o
 .text.TIM_OC1NPolarityConfig
                0x00000000       0x38 ..\obj\stm32f10x_tim.o
 .text.TIM_OC2PolarityConfig
                0x00000000       0x40 ..\obj\stm32f10x_tim.o
 .text.TIM_OC2NPolarityConfig
                0x00000000       0x40 ..\obj\stm32f10x_tim.o
 .text.TIM_OC3PolarityConfig
                0x00000000       0x40 ..\obj\stm32f10x_tim.o
 .text.TIM_OC3NPolarityConfig
                0x00000000       0x40 ..\obj\stm32f10x_tim.o
 .text.TIM_OC4PolarityConfig
                0x00000000       0x40 ..\obj\stm32f10x_tim.o
 .text.TIM_CCxCmd
                0x00000000       0x5c ..\obj\stm32f10x_tim.o
 .text.TIM_CCxNCmd
                0x00000000       0x5c ..\obj\stm32f10x_tim.o
 .text.TIM_SelectOCxM
                0x00000000       0xbc ..\obj\stm32f10x_tim.o
 .text.TIM_UpdateDisableConfig
                0x00000000       0x40 ..\obj\stm32f10x_tim.o
 .text.TIM_UpdateRequestConfig
                0x00000000       0x40 ..\obj\stm32f10x_tim.o
 .text.TIM_SelectHallSensor
                0x00000000       0x40 ..\obj\stm32f10x_tim.o
 .text.TIM_SelectOnePulseMode
                0x00000000       0x38 ..\obj\stm32f10x_tim.o
 .text.TIM_SelectOutputTrigger
                0x00000000       0x38 ..\obj\stm32f10x_tim.o
 .text.TIM_SelectSlaveMode
                0x00000000       0x38 ..\obj\stm32f10x_tim.o
 .text.TIM_SelectMasterSlaveMode
                0x00000000       0x38 ..\obj\stm32f10x_tim.o
 .text.TIM_SetCounter
                0x00000000       0x1c ..\obj\stm32f10x_tim.o
 .text.TIM_SetAutoreload
                0x00000000       0x1c ..\obj\stm32f10x_tim.o
 .text.TIM_SetCompare1
                0x00000000       0x1c ..\obj\stm32f10x_tim.o
 .text.TIM_SetCompare2
                0x00000000       0x1c ..\obj\stm32f10x_tim.o
 .text.TIM_SetCompare3
                0x00000000       0x1c ..\obj\stm32f10x_tim.o
 .text.TIM_SetCompare4
                0x00000000       0x20 ..\obj\stm32f10x_tim.o
 .text.TIM_SetIC1Prescaler
                0x00000000       0x38 ..\obj\stm32f10x_tim.o
 .text.TIM_SetIC2Prescaler
                0x00000000       0x3c ..\obj\stm32f10x_tim.o
 .text.TIM_SetIC3Prescaler
                0x00000000       0x38 ..\obj\stm32f10x_tim.o
 .text.TIM_SetIC4Prescaler
                0x00000000       0x3c ..\obj\stm32f10x_tim.o
 .text.TIM_SetClockDivision
                0x00000000       0x38 ..\obj\stm32f10x_tim.o
 .text.TIM_GetCapture1
                0x00000000       0x1c ..\obj\stm32f10x_tim.o
 .text.TIM_GetCapture2
                0x00000000       0x1c ..\obj\stm32f10x_tim.o
 .text.TIM_GetCapture3
                0x00000000       0x1c ..\obj\stm32f10x_tim.o
 .text.TIM_GetCapture4
                0x00000000       0x1c ..\obj\stm32f10x_tim.o
 .text.TIM_GetCounter
                0x00000000       0x1c ..\obj\stm32f10x_tim.o
 .text.TIM_GetPrescaler
                0x00000000       0x1c ..\obj\stm32f10x_tim.o
 .text.TIM_GetFlagStatus
                0x00000000       0x40 ..\obj\stm32f10x_tim.o
 .text.TIM_ClearFlag
                0x00000000       0x24 ..\obj\stm32f10x_tim.o
 .text.TI1_Config
                0x00000000       0xe4 ..\obj\stm32f10x_tim.o
 .text.TI2_Config
                0x00000000      0x104 ..\obj\stm32f10x_tim.o
 .text.TI3_Config
                0x00000000       0xf4 ..\obj\stm32f10x_tim.o
 .text.TI4_Config
                0x00000000      0x10c ..\obj\stm32f10x_tim.o
 .text          0x00000000        0x0 ..\obj\startup_stm32f10x_md_vl.o
 .data          0x00000000        0x0 ..\obj\startup_stm32f10x_md_vl.o
 .bss           0x00000000        0x0 ..\obj\startup_stm32f10x_md_vl.o
 .text          0x00000000        0x0 ..\obj\core_cm3.o
 .data          0x00000000        0x0 ..\obj\core_cm3.o
 .bss           0x00000000        0x0 ..\obj\core_cm3.o
 .text.__get_PSP
                0x00000000       0x10 ..\obj\core_cm3.o
 .text.__set_PSP
                0x00000000        0x8 ..\obj\core_cm3.o
 .text.__get_MSP
                0x00000000       0x10 ..\obj\core_cm3.o
 .text.__set_MSP
                0x00000000        0x8 ..\obj\core_cm3.o
 .text.__get_BASEPRI
                0x00000000       0x20 ..\obj\core_cm3.o
 .text.__set_BASEPRI
                0x00000000       0x18 ..\obj\core_cm3.o
 .text.__get_PRIMASK
                0x00000000       0x20 ..\obj\core_cm3.o
 .text.__set_PRIMASK
                0x00000000       0x18 ..\obj\core_cm3.o
 .text.__get_FAULTMASK
                0x00000000       0x20 ..\obj\core_cm3.o
 .text.__set_FAULTMASK
                0x00000000       0x18 ..\obj\core_cm3.o
 .text.__get_CONTROL
                0x00000000       0x20 ..\obj\core_cm3.o
 .text.__set_CONTROL
                0x00000000       0x18 ..\obj\core_cm3.o
 .text.__REV    0x00000000       0x24 ..\obj\core_cm3.o
 .text.__REV16  0x00000000       0x24 ..\obj\core_cm3.o
 .text.__REVSH  0x00000000       0x24 ..\obj\core_cm3.o
 .text.__RBIT   0x00000000       0x24 ..\obj\core_cm3.o
 .text.__LDREXB
                0x00000000       0x24 ..\obj\core_cm3.o
 .text.__LDREXH
                0x00000000       0x24 ..\obj\core_cm3.o
 .text.__LDREXW
                0x00000000       0x24 ..\obj\core_cm3.o
 .text.__STREXB
                0x00000000       0x2c ..\obj\core_cm3.o
 .text.__STREXH
                0x00000000       0x2c ..\obj\core_cm3.o
 .text.__STREXW
                0x00000000       0x28 ..\obj\core_cm3.o
 .debug_info    0x00000000      0x55e ..\obj\core_cm3.o
 .debug_abbrev  0x00000000       0xe4 ..\obj\core_cm3.o
 .debug_loc     0x00000000      0x3f0 ..\obj\core_cm3.o
 .debug_aranges
                0x00000000       0xc8 ..\obj\core_cm3.o
 .debug_ranges  0x00000000       0xb8 ..\obj\core_cm3.o
 .debug_line    0x00000000      0x25f ..\obj\core_cm3.o
 .debug_str     0x00000000      0x25b ..\obj\core_cm3.o
 .comment       0x00000000       0x71 ..\obj\core_cm3.o
 .ARM.attributes
                0x00000000       0x33 ..\obj\core_cm3.o
 .debug_frame   0x00000000      0x280 ..\obj\core_cm3.o
 .text          0x00000000        0x0 ..\obj\system_stm32f10x.o
 .bss           0x00000000        0x0 ..\obj\system_stm32f10x.o
 .text.SystemCoreClockUpdate
                0x00000000      0x13c ..\obj\system_stm32f10x.o
 .text          0x00000000        0x0 ..\obj\stm32f10x_gpio.o
 .data          0x00000000        0x0 ..\obj\stm32f10x_gpio.o
 .bss           0x00000000        0x0 ..\obj\stm32f10x_gpio.o
 .text.GPIO_DeInit
                0x00000000      0x128 ..\obj\stm32f10x_gpio.o
 .text.GPIO_AFIODeInit
                0x00000000       0x20 ..\obj\stm32f10x_gpio.o
 .text.GPIO_StructInit
                0x00000000       0x2c ..\obj\stm32f10x_gpio.o
 .text.GPIO_ReadInputDataBit
                0x00000000       0x3c ..\obj\stm32f10x_gpio.o
 .text.GPIO_ReadInputData
                0x00000000       0x1c ..\obj\stm32f10x_gpio.o
 .text.GPIO_ReadOutputDataBit
                0x00000000       0x3c ..\obj\stm32f10x_gpio.o
 .text.GPIO_ReadOutputData
                0x00000000       0x1c ..\obj\stm32f10x_gpio.o
 .text.GPIO_SetBits
                0x00000000       0x1c ..\obj\stm32f10x_gpio.o
 .text.GPIO_ResetBits
                0x00000000       0x1c ..\obj\stm32f10x_gpio.o
 .text.GPIO_Write
                0x00000000       0x1c ..\obj\stm32f10x_gpio.o
 .text.GPIO_PinLockConfig
                0x00000000       0x44 ..\obj\stm32f10x_gpio.o
 .text.GPIO_EventOutputConfig
                0x00000000       0x54 ..\obj\stm32f10x_gpio.o
 .text.GPIO_EventOutputCmd
                0x00000000       0x20 ..\obj\stm32f10x_gpio.o
 .text.GPIO_PinRemapConfig
                0x00000000      0x120 ..\obj\stm32f10x_gpio.o
 .text.GPIO_EXTILineConfig
                0x00000000       0xb0 ..\obj\stm32f10x_gpio.o
 .text.GPIO_ETH_MediaInterfaceConfig
                0x00000000       0x20 ..\obj\stm32f10x_gpio.o
 .text          0x00000000        0x0 ..\obj\main.o
 .text          0x00000000        0x0 ..\obj\stm32f10x_rcc.o
 .data          0x00000000       0x14 ..\obj\stm32f10x_rcc.o
 .bss           0x00000000        0x0 ..\obj\stm32f10x_rcc.o
 .text.RCC_DeInit
                0x00000000       0xa8 ..\obj\stm32f10x_rcc.o
 .text.RCC_HSEConfig
                0x00000000       0x88 ..\obj\stm32f10x_rcc.o
 .text.RCC_WaitForHSEStartUp
                0x00000000       0x64 ..\obj\stm32f10x_rcc.o
 .text.RCC_AdjustHSICalibrationValue
                0x00000000       0x48 ..\obj\stm32f10x_rcc.o
 .text.RCC_HSICmd
                0x00000000       0x20 ..\obj\stm32f10x_rcc.o
 .text.RCC_PLLConfig
                0x00000000       0x48 ..\obj\stm32f10x_rcc.o
 .text.RCC_PLLCmd
                0x00000000       0x20 ..\obj\stm32f10x_rcc.o
 .text.RCC_PREDIV1Config
                0x00000000       0x4c ..\obj\stm32f10x_rcc.o
 .text.RCC_SYSCLKConfig
                0x00000000       0x40 ..\obj\stm32f10x_rcc.o
 .text.RCC_GetSYSCLKSource
                0x00000000       0x20 ..\obj\stm32f10x_rcc.o
 .text.RCC_HCLKConfig
                0x00000000       0x40 ..\obj\stm32f10x_rcc.o
 .text.RCC_PCLK1Config
                0x00000000       0x40 ..\obj\stm32f10x_rcc.o
 .text.RCC_PCLK2Config
                0x00000000       0x44 ..\obj\stm32f10x_rcc.o
 .text.RCC_ITConfig
                0x00000000       0x60 ..\obj\stm32f10x_rcc.o
 .text.RCC_USBCLKConfig
                0x00000000       0x20 ..\obj\stm32f10x_rcc.o
 .text.RCC_ADCCLKConfig
                0x00000000       0x40 ..\obj\stm32f10x_rcc.o
 .text.RCC_LSEConfig
                0x00000000       0x60 ..\obj\stm32f10x_rcc.o
 .text.RCC_LSICmd
                0x00000000       0x20 ..\obj\stm32f10x_rcc.o
 .text.RCC_RTCCLKConfig
                0x00000000       0x2c ..\obj\stm32f10x_rcc.o
 .text.RCC_RTCCLKCmd
                0x00000000       0x20 ..\obj\stm32f10x_rcc.o
 .text.RCC_GetClocksFreq
                0x00000000      0x1cc ..\obj\stm32f10x_rcc.o
 .text.RCC_AHBPeriphClockCmd
                0x00000000       0x54 ..\obj\stm32f10x_rcc.o
 .text.RCC_APB2PeriphResetCmd
                0x00000000       0x54 ..\obj\stm32f10x_rcc.o
 .text.RCC_APB1PeriphResetCmd
                0x00000000       0x54 ..\obj\stm32f10x_rcc.o
 .text.RCC_BackupResetCmd
                0x00000000       0x20 ..\obj\stm32f10x_rcc.o
 .text.RCC_ClockSecuritySystemCmd
                0x00000000       0x20 ..\obj\stm32f10x_rcc.o
 .text.RCC_MCOConfig
                0x00000000       0x20 ..\obj\stm32f10x_rcc.o
 .text.RCC_GetFlagStatus
                0x00000000       0x90 ..\obj\stm32f10x_rcc.o
 .text.RCC_ClearFlag
                0x00000000       0x24 ..\obj\stm32f10x_rcc.o
 .text.RCC_GetITStatus
                0x00000000       0x40 ..\obj\stm32f10x_rcc.o
 .text.RCC_ClearITPendingBit
                0x00000000       0x20 ..\obj\stm32f10x_rcc.o
 .text          0x00000000        0x0 ..\obj\lcd1602.o
 .data          0x00000000        0x0 ..\obj\lcd1602.o
 .bss           0x00000000        0x0 ..\obj\lcd1602.o
 .rodata        0x00000000       0x14 ..\obj\lcd1602.o
 .text.LCD_PrintH
                0x00000000       0x9c ..\obj\lcd1602.o

Memory Configuration

Name             Origin             Length             Attributes
rom              0x08000000         0x00020000         xr
ram              0x20000000         0x00002000         xrw
*default*        0x00000000         0xffffffff

Linker script and memory map

                0x20002000                _eram = 0x20002000

.text           0x08000000     0x1270
 *(.isr_vector .isr_vector.*)
 .isr_vector    0x08000000      0x124 ..\obj\startup_stm32f10x_md_vl.o
                0x08000000                g_pfnVectors
 *(.text .text.* .gnu.linkonce.t.*)
 .text._init_us
                0x08000124       0x74 ..\obj\delay.o
                0x08000124                _init_us
 .text._init_ms
                0x08000198       0x74 ..\obj\delay.o
                0x08000198                _init_ms
 .text._stop_timer
                0x0800020c       0x14 ..\obj\delay.o
                0x0800020c                _stop_timer
 .text.Delay_ms
                0x08000220       0x38 ..\obj\delay.o
                0x08000220                Delay_ms
 .text.Delay_us
                0x08000258       0x38 ..\obj\delay.o
                0x08000258                Delay_us
 .text.TIM_TimeBaseInit
                0x08000290      0x11c ..\obj\stm32f10x_tim.o
                0x08000290                TIM_TimeBaseInit
 .text.TIM_TimeBaseStructInit
                0x080003ac       0x3c ..\obj\stm32f10x_tim.o
                0x080003ac                TIM_TimeBaseStructInit
 .text.TIM_Cmd  0x080003e8       0x40 ..\obj\stm32f10x_tim.o
                0x080003e8                TIM_Cmd
 .text.TIM_ITConfig
                0x08000428       0x48 ..\obj\stm32f10x_tim.o
                0x08000428                TIM_ITConfig
 .text.TIM_EncoderInterfaceConfig
                0x08000470       0x94 ..\obj\stm32f10x_tim.o
                0x08000470                TIM_EncoderInterfaceConfig
 .text.TIM_GetITStatus
                0x08000504       0x60 ..\obj\stm32f10x_tim.o
                0x08000504                TIM_GetITStatus
 .text.TIM_ClearITPendingBit
                0x08000564       0x24 ..\obj\stm32f10x_tim.o
                0x08000564                TIM_ClearITPendingBit
 .text.Default_Reset_Handler
                0x08000588       0x70 ..\obj\startup_stm32f10x_md_vl.o
                0x08000588                Default_Reset_Handler
                0x08000588                Reset_Handler
 .text.Default_Handler
                0x080005f8        0x8 ..\obj\startup_stm32f10x_md_vl.o
                0x080005f8                EXTI2_IRQHandler
                0x080005f8                DebugMon_Handler
                0x080005f8                TIM1_CC_IRQHandler
                0x080005f8                HardFault_Handler
                0x080005f8                SysTick_Handler
                0x080005f8                PVD_IRQHandler
                0x080005f8                PendSV_Handler
                0x080005f8                NMI_Handler
                0x080005f8                EXTI3_IRQHandler
                0x080005f8                EXTI0_IRQHandler
                0x080005f8                I2C2_EV_IRQHandler
                0x080005f8                TIM1_UP_TIM16_IRQHandler
                0x080005f8                UsageFault_Handler
                0x080005f8                SPI1_IRQHandler
                0x080005f8                TAMPER_IRQHandler
                0x080005f8                TIM6_DAC_IRQHandler
                0x080005f8                DMA1_Channel4_IRQHandler
                0x080005f8                ADC1_IRQHandler
                0x080005f8                USART3_IRQHandler
                0x080005f8                RTC_IRQHandler
                0x080005f8                DMA1_Channel7_IRQHandler
                0x080005f8                TIM4_IRQHandler
                0x080005f8                I2C1_EV_IRQHandler
                0x080005f8                DMA1_Channel6_IRQHandler
                0x080005f8                RCC_IRQHandler
                0x080005f8                DMA1_Channel1_IRQHandler
                0x080005f8                CEC_IRQHandler
                0x080005f8                EXTI15_10_IRQHandler
                0x080005f8                TIM7_IRQHandler
                0x080005f8                EXTI9_5_IRQHandler
                0x080005f8                SPI2_IRQHandler
                0x080005f8                MemManage_Handler
                0x080005f8                SVC_Handler
                0x080005f8                DMA1_Channel5_IRQHandler
                0x080005f8                EXTI4_IRQHandler
                0x080005f8                TIM1_TRG_COM_TIM17_IRQHandler
                0x080005f8                DMA1_Channel3_IRQHandler
                0x080005f8                WWDG_IRQHandler
                0x080005f8                TIM2_IRQHandler
                0x080005f8                EXTI1_IRQHandler
                0x080005f8                RTCAlarm_IRQHandler
                0x080005f8                USART2_IRQHandler
                0x080005f8                I2C2_ER_IRQHandler
                0x080005f8                DMA1_Channel2_IRQHandler
                0x080005f8                FLASH_IRQHandler
                0x080005f8                BusFault_Handler
                0x080005f8                USART1_IRQHandler
                0x080005f8                I2C1_ER_IRQHandler
                0x080005f8                TIM1_BRK_TIM15_IRQHandler
 .text.SystemInit
                0x08000600       0xb8 ..\obj\system_stm32f10x.o
                0x08000600                SystemInit
 .text.SetSysClock
                0x080006b8        0xc ..\obj\system_stm32f10x.o
 .text.SetSysClockTo24
                0x080006c4      0x15c ..\obj\system_stm32f10x.o
 .text.GPIO_Init
                0x08000820      0x1b0 ..\obj\stm32f10x_gpio.o
                0x08000820                GPIO_Init
 .text.GPIO_WriteBit
                0x080009d0       0x30 ..\obj\stm32f10x_gpio.o
                0x080009d0                GPIO_WriteBit
 .text.NVIC_EnableIRQ
                0x08000a00       0x38 ..\obj\main.o
 .text.NVIC_DisableIRQ
                0x08000a38       0x3c ..\obj\main.o
 .text.TIM3_IRQHandler
                0x08000a74       0x94 ..\obj\main.o
                0x08000a74                TIM3_IRQHandler
 .text.main     0x08000b08      0x34c ..\obj\main.o
                0x08000b08                main
 .text.RCC_APB2PeriphClockCmd
                0x08000e54       0x54 ..\obj\stm32f10x_rcc.o
                0x08000e54                RCC_APB2PeriphClockCmd
 .text.RCC_APB1PeriphClockCmd
                0x08000ea8       0x54 ..\obj\stm32f10x_rcc.o
                0x08000ea8                RCC_APB1PeriphClockCmd
 .text.LCD_strobe
                0x08000efc       0x40 ..\obj\lcd1602.o
                0x08000efc                LCD_strobe
 .text.LCD_send_4bit
                0x08000f3c       0xe8 ..\obj\lcd1602.o
                0x08000f3c                LCD_send_4bit
 .text.LCD_cmd_4bit
                0x08001024       0x44 ..\obj\lcd1602.o
                0x08001024                LCD_cmd_4bit
 .text.LCD_data_4bit
                0x08001068       0x58 ..\obj\lcd1602.o
                0x08001068                LCD_data_4bit
 .text.LCD_GotoXY
                0x080010c0       0x34 ..\obj\lcd1602.o
                0x080010c0                LCD_GotoXY
 .text.LCD_Init
                0x080010f4       0x58 ..\obj\lcd1602.o
                0x080010f4                LCD_Init
 .text.LCD_Cls  0x0800114c       0x28 ..\obj\lcd1602.o
                0x0800114c                LCD_Cls
 .text.LCD_Print
                0x08001174       0x2c ..\obj\lcd1602.o
                0x08001174                LCD_Print
 .text.LCD_PrintI
                0x080011a0       0x94 ..\obj\lcd1602.o
                0x080011a0                LCD_PrintI
 *(.glue_7t)
 .glue_7t       0x00000000        0x0 linker stubs
 *(.glue_7)
 .glue_7        0x00000000        0x0 linker stubs
 *(.rodata .rodata* .gnu.linkonce.r.*)
 .rodata        0x08001234       0x3c ..\obj\main.o

.vfp11_veneer   0x08001270        0x0
 .vfp11_veneer  0x00000000        0x0 linker stubs

.v4_bx          0x08001270        0x0
 .v4_bx         0x00000000        0x0 linker stubs

.iplt           0x08001270        0x0
 .iplt          0x00000000        0x0 ..\obj\delay.o

.rel.dyn        0x08001270        0x0
 .rel.iplt      0x00000000        0x0 ..\obj\delay.o

.ARM.extab
 *(.ARM.extab* .gnu.linkonce.armextab.*)
                0x08001270                __exidx_start = .

.ARM.exidx
 *(.ARM.exidx* .gnu.linkonce.armexidx.*)
                0x08001270                __exidx_end = .
                0x08001270                . = ALIGN (0x4)
                0x08001270                _etext = .
                0x08001270                _sidata = .

.data           0x20000000       0x18 load address 0x08001270
                0x20000000                _sdata = .
 *(.data .data.*)
 .data          0x20000000       0x14 ..\obj\system_stm32f10x.o
                0x20000000                SystemCoreClock
                0x20000004                AHBPrescTable
 .data          0x20000014        0x4 ..\obj\main.o
                0x20000014                capture_is_first
                0x20000018                . = ALIGN (0x4)
                0x20000018                _edata = .

.igot.plt       0x20000018        0x0 load address 0x08001288
 .igot.plt      0x00000000        0x0 ..\obj\delay.o

.bss            0x20000018        0xc load address 0x08001288
                0x20000018                _sbss = .
 *(.bss .bss.*)
 .bss           0x20000018        0xc ..\obj\main.o
                0x20000018                capture_is_ready
                0x2000001c                captured_direction
                0x20000020                capture_cntr
 *(COMMON)
                0x20000024                . = ALIGN (0x4)
                0x20000024                _ebss = .

.co_stack       0x20000024      0x404 load address 0x08001294
                0x20000028                . = ALIGN (0x8)
 *fill*         0x20000024        0x4 00
 *(.co_stack .co_stack.*)
 .co_stack      0x20000028      0x400 ..\obj\startup_stm32f10x_md_vl.o
                0x20000028                pulStack
                0x20000428                . = ALIGN (0x4)
                0x20000428                _end = .
LOAD ..\obj\delay.o
LOAD ..\obj\stm32f10x_tim.o
LOAD ..\obj\startup_stm32f10x_md_vl.o
LOAD ..\obj\core_cm3.o
LOAD ..\obj\system_stm32f10x.o
LOAD ..\obj\stm32f10x_gpio.o
LOAD ..\obj\main.o
LOAD ..\obj\stm32f10x_rcc.o
LOAD ..\obj\lcd1602.o
START GROUP
LOAD g:/coide/toolchain/bin/../lib/gcc/arm-none-eabi/4.7.3/armv7-m\libgcc.a
LOAD g:/coide/toolchain/bin/../lib/gcc/arm-none-eabi/4.7.3/../../../../arm-none-eabi/lib/armv7-m\libg.a
LOAD g:/coide/toolchain/bin/../lib/gcc/arm-none-eabi/4.7.3/../../../../arm-none-eabi/lib/armv7-m\libc.a
END GROUP
OUTPUT(pilot1.elf elf32-littlearm)

.debug_info     0x00000000     0x4469
 .debug_info    0x00000000      0x469 ..\obj\delay.o
 .debug_info    0x00000469     0x1e6c ..\obj\stm32f10x_tim.o
 .debug_info    0x000022d5       0xff ..\obj\startup_stm32f10x_md_vl.o
 .debug_info    0x000023d4      0x40c ..\obj\system_stm32f10x.o
 .debug_info    0x000027e0      0x72e ..\obj\stm32f10x_gpio.o
 .debug_info    0x00002f0e      0x8ba ..\obj\main.o
 .debug_info    0x000037c8      0x990 ..\obj\stm32f10x_rcc.o
 .debug_info    0x00004158      0x311 ..\obj\lcd1602.o

.debug_abbrev   0x00000000      0xb84
 .debug_abbrev  0x00000000      0x13f ..\obj\delay.o
 .debug_abbrev  0x0000013f      0x1b2 ..\obj\stm32f10x_tim.o
 .debug_abbrev  0x000002f1       0xa9 ..\obj\startup_stm32f10x_md_vl.o
 .debug_abbrev  0x0000039a      0x179 ..\obj\system_stm32f10x.o
 .debug_abbrev  0x00000513      0x1ca ..\obj\stm32f10x_gpio.o
 .debug_abbrev  0x000006dd      0x1c0 ..\obj\main.o
 .debug_abbrev  0x0000089d      0x1bc ..\obj\stm32f10x_rcc.o
 .debug_abbrev  0x00000a59      0x12b ..\obj\lcd1602.o

.debug_loc      0x00000000     0x23f8
 .debug_loc     0x00000000      0x10c ..\obj\delay.o
 .debug_loc     0x0000010c     0x13e8 ..\obj\stm32f10x_tim.o
 .debug_loc     0x000014f4       0x64 ..\obj\startup_stm32f10x_md_vl.o
 .debug_loc     0x00001558       0xc8 ..\obj\system_stm32f10x.o
 .debug_loc     0x00001620      0x3e4 ..\obj\stm32f10x_gpio.o
 .debug_loc     0x00001a04       0xd4 ..\obj\main.o
 .debug_loc     0x00001ad8      0x714 ..\obj\stm32f10x_rcc.o
 .debug_loc     0x000021ec      0x20c ..\obj\lcd1602.o

.debug_aranges  0x00000000      0x5f8
 .debug_aranges
                0x00000000       0x40 ..\obj\delay.o
 .debug_aranges
                0x00000040      0x2f0 ..\obj\stm32f10x_tim.o
 .debug_aranges
                0x00000330       0x28 ..\obj\startup_stm32f10x_md_vl.o
 .debug_aranges
                0x00000358       0x38 ..\obj\system_stm32f10x.o
 .debug_aranges
                0x00000390       0xa8 ..\obj\stm32f10x_gpio.o
 .debug_aranges
                0x00000438       0x38 ..\obj\main.o
 .debug_aranges
                0x00000470      0x120 ..\obj\stm32f10x_rcc.o
 .debug_aranges
                0x00000590       0x68 ..\obj\lcd1602.o

.debug_ranges   0x00000000      0x578
 .debug_ranges  0x00000000       0x30 ..\obj\delay.o
 .debug_ranges  0x00000030      0x2e0 ..\obj\stm32f10x_tim.o
 .debug_ranges  0x00000310       0x18 ..\obj\startup_stm32f10x_md_vl.o
 .debug_ranges  0x00000328       0x28 ..\obj\system_stm32f10x.o
 .debug_ranges  0x00000350       0x98 ..\obj\stm32f10x_gpio.o
 .debug_ranges  0x000003e8       0x28 ..\obj\main.o
 .debug_ranges  0x00000410      0x110 ..\obj\stm32f10x_rcc.o
 .debug_ranges  0x00000520       0x58 ..\obj\lcd1602.o

.debug_line     0x00000000     0x1a01
 .debug_line    0x00000000      0x1ce ..\obj\delay.o
 .debug_line    0x000001ce      0xa00 ..\obj\stm32f10x_tim.o
 .debug_line    0x00000bce       0x9a ..\obj\startup_stm32f10x_md_vl.o
 .debug_line    0x00000c68      0x199 ..\obj\system_stm32f10x.o
 .debug_line    0x00000e01      0x31a ..\obj\stm32f10x_gpio.o
 .debug_line    0x0000111b      0x23e ..\obj\main.o
 .debug_line    0x00001359      0x438 ..\obj\stm32f10x_rcc.o
 .debug_line    0x00001791      0x270 ..\obj\lcd1602.o

.debug_str      0x00000000     0x1af1
 .debug_str     0x00000000      0x2cc ..\obj\delay.o
                                0x300 (size before relaxing)
 .debug_str     0x000002cc      0xa7c ..\obj\stm32f10x_tim.o
                                0xd75 (size before relaxing)
 .debug_str     0x00000d48       0xa8 ..\obj\startup_stm32f10x_md_vl.o
                                0x10c (size before relaxing)
 .debug_str     0x00000df0      0x141 ..\obj\system_stm32f10x.o
                                0x26c (size before relaxing)
 .debug_str     0x00000f31      0x373 ..\obj\stm32f10x_gpio.o
                                0x4b1 (size before relaxing)
 .debug_str     0x000012a4      0x394 ..\obj\main.o
                                0x779 (size before relaxing)
 .debug_str     0x00001638      0x412 ..\obj\stm32f10x_rcc.o
                                0x605 (size before relaxing)
 .debug_str     0x00001a4a       0xa7 ..\obj\lcd1602.o
                                0x1d7 (size before relaxing)

.comment        0x00000000       0x70
 .comment       0x00000000       0x70 ..\obj\delay.o
                                 0x71 (size before relaxing)
 .comment       0x00000000       0x71 ..\obj\stm32f10x_tim.o
 .comment       0x00000000       0x71 ..\obj\startup_stm32f10x_md_vl.o
 .comment       0x00000000       0x71 ..\obj\system_stm32f10x.o
 .comment       0x00000000       0x71 ..\obj\stm32f10x_gpio.o
 .comment       0x00000000       0x71 ..\obj\main.o
 .comment       0x00000000       0x71 ..\obj\stm32f10x_rcc.o
 .comment       0x00000000       0x71 ..\obj\lcd1602.o

.ARM.attributes
                0x00000000       0x33
 .ARM.attributes
                0x00000000       0x33 ..\obj\delay.o
 .ARM.attributes
                0x00000033       0x33 ..\obj\stm32f10x_tim.o
 .ARM.attributes
                0x00000066       0x33 ..\obj\startup_stm32f10x_md_vl.o
 .ARM.attributes
                0x00000099       0x33 ..\obj\system_stm32f10x.o
 .ARM.attributes
                0x000000cc       0x33 ..\obj\stm32f10x_gpio.o
 .ARM.attributes
                0x000000ff       0x33 ..\obj\main.o
 .ARM.attributes
                0x00000132       0x33 ..\obj\stm32f10x_rcc.o
 .ARM.attributes
                0x00000165       0x33 ..\obj\lcd1602.o

.debug_frame    0x00000000     0x1310
 .debug_frame   0x00000000       0xac ..\obj\delay.o
 .debug_frame   0x000000ac      0xa20 ..\obj\stm32f10x_tim.o
 .debug_frame   0x00000acc       0x48 ..\obj\startup_stm32f10x_md_vl.o
 .debug_frame   0x00000b14       0x80 ..\obj\system_stm32f10x.o
 .debug_frame   0x00000b94      0x210 ..\obj\stm32f10x_gpio.o
 .debug_frame   0x00000da4       0x84 ..\obj\main.o
 .debug_frame   0x00000e28      0x3a4 ..\obj\stm32f10x_rcc.o
 .debug_frame   0x000011cc      0x144 ..\obj\lcd1602.o
