Archive member included because of file (symbol)

g:/coide/toolchain/bin/../lib/gcc/arm-none-eabi/4.7.3/../../../../arm-none-eabi/lib/armv7-m\libg.a(lib_a-memcpy.o)
                              ..\obj\main.o (symbol from plugin) (memcpy)

Discarded input sections

 .text          0x00000000        0x0 ..\obj\delay.o (symbol from plugin)
 .text          0x00000000        0x0 ..\obj\core_cm3.o (symbol from plugin)
 .text          0x00000000        0x0 ..\obj\system_stm32f10x.o (symbol from plugin)
 .text          0x00000000        0x0 ..\obj\startup_stm32f10x_hd.o (symbol from plugin)
 .text          0x00000000        0x0 ..\obj\stm32f10x_gpio.o (symbol from plugin)
 .text          0x00000000        0x0 ..\obj\main.o (symbol from plugin)
 .text          0x00000000        0x0 ..\obj\stm32f10x_rcc.o (symbol from plugin)
 .text          0x00000000        0x0 ..\obj\stm32f10x_spi.o (symbol from plugin)
 .text          0x00000000        0x0 g:/coide/toolchain/bin/../lib/gcc/arm-none-eabi/4.7.3/../../../../arm-none-eabi/lib/armv7-m\libg.a(lib_a-memcpy.o)
 .data          0x00000000        0x0 g:/coide/toolchain/bin/../lib/gcc/arm-none-eabi/4.7.3/../../../../arm-none-eabi/lib/armv7-m\libg.a(lib_a-memcpy.o)
 .bss           0x00000000        0x0 g:/coide/toolchain/bin/../lib/gcc/arm-none-eabi/4.7.3/../../../../arm-none-eabi/lib/armv7-m\libg.a(lib_a-memcpy.o)

Memory Configuration

Name             Origin             Length             Attributes
rom              0x08000000         0x00080000         xr
ram              0x20000000         0x00010000         xrw
*default*        0x00000000         0xffffffff

Linker script and memory map

                0x20010000                _eram = 0x20010000

.text           0x08000000     0x27dc
 *(.isr_vector .isr_vector.*)
 .isr_vector    0x08000000      0x134 C:\Users\Dmitry\AppData\Local\Temp\ccOkYtzI.ltrans0.ltrans.o
                0x08000000                g_pfnVectors
 *(.text .text.* .gnu.linkonce.t.*)
 .text          0x08000134     0x12ac C:\Users\Dmitry\AppData\Local\Temp\ccOkYtzI.ltrans0.ltrans.o
                0x080004d0                Reset_Handler
                0x08000cc4                main
 .text.memcpy   0x080013e0      0x15c g:/coide/toolchain/bin/../lib/gcc/arm-none-eabi/4.7.3/../../../../arm-none-eabi/lib/armv7-m\libg.a(lib_a-memcpy.o)
                0x080013e0                memcpy
 *(.glue_7t)
 .glue_7t       0x00000000        0x0 linker stubs
 *(.glue_7)
 .glue_7        0x00000000        0x0 linker stubs
 *(.rodata .rodata* .gnu.linkonce.r.*)
 .rodata        0x0800153c     0x12a0 C:\Users\Dmitry\AppData\Local\Temp\ccOkYtzI.ltrans0.ltrans.o

.vfp11_veneer   0x080027dc        0x0
 .vfp11_veneer  0x00000000        0x0 linker stubs

.v4_bx          0x080027dc        0x0
 .v4_bx         0x00000000        0x0 linker stubs

.iplt           0x080027dc        0x0
 .iplt          0x00000000        0x0 g:/coide/toolchain/bin/../lib/gcc/arm-none-eabi/4.7.3/../../../../arm-none-eabi/lib/armv7-m\libg.a(lib_a-memcpy.o)

.rel.dyn        0x080027dc        0x0
 .rel.iplt      0x00000000        0x0 g:/coide/toolchain/bin/../lib/gcc/arm-none-eabi/4.7.3/../../../../arm-none-eabi/lib/armv7-m\libg.a(lib_a-memcpy.o)

.ARM.extab
 *(.ARM.extab* .gnu.linkonce.armextab.*)
                0x080027dc                __exidx_start = .

.ARM.exidx
 *(.ARM.exidx* .gnu.linkonce.armexidx.*)
                0x080027dc                __exidx_end = .
                0x080027dc                . = ALIGN (0x4)
                0x080027dc                _etext = .
                0x080027dc                _sidata = .

.data           0x20000000       0x28 load address 0x080027dc
                0x20000000                _sdata = .
 *(.data .data.*)
 .data          0x20000000       0x28 C:\Users\Dmitry\AppData\Local\Temp\ccOkYtzI.ltrans0.ltrans.o
                0x20000028                . = ALIGN (0x4)
                0x20000028                _edata = .

.igot.plt       0x20000028        0x0 load address 0x08002804
 .igot.plt      0x00000000        0x0 g:/coide/toolchain/bin/../lib/gcc/arm-none-eabi/4.7.3/../../../../arm-none-eabi/lib/armv7-m\libg.a(lib_a-memcpy.o)

.bss            0x20000028        0x8 load address 0x08002804
                0x20000028                _sbss = .
 *(.bss .bss.*)
 .bss           0x20000028        0x8 C:\Users\Dmitry\AppData\Local\Temp\ccOkYtzI.ltrans0.ltrans.o
 *(COMMON)
                0x20000030                . = ALIGN (0x4)
                0x20000030                _ebss = .

.co_stack       0x20000030      0x400 load address 0x0800280c
                0x20000030                . = ALIGN (0x8)
 *(.co_stack .co_stack.*)
 .co_stack      0x20000030      0x400 C:\Users\Dmitry\AppData\Local\Temp\ccOkYtzI.ltrans0.ltrans.o
                0x20000430                . = ALIGN (0x4)
                0x20000430                _end = .
LOAD ..\obj\delay.o
LOAD C:\Users\Dmitry\AppData\Local\Temp\ccOkYtzI.ltrans0.ltrans.o
LOAD g:/coide/toolchain/bin/../lib/gcc/arm-none-eabi/4.7.3/armv7-m\libgcc.a
LOAD g:/coide/toolchain/bin/../lib/gcc/arm-none-eabi/4.7.3/../../../../arm-none-eabi/lib/armv7-m\libg.a
LOAD g:/coide/toolchain/bin/../lib/gcc/arm-none-eabi/4.7.3/../../../../arm-none-eabi/lib/armv7-m\libc.a
LOAD ..\obj\core_cm3.o
LOAD ..\obj\system_stm32f10x.o
LOAD ..\obj\startup_stm32f10x_hd.o
LOAD ..\obj\stm32f10x_gpio.o
LOAD ..\obj\main.o
LOAD ..\obj\stm32f10x_rcc.o
LOAD ..\obj\stm32f10x_spi.o
START GROUP
LOAD g:/coide/toolchain/bin/../lib/gcc/arm-none-eabi/4.7.3/armv7-m\libgcc.a
LOAD g:/coide/toolchain/bin/../lib/gcc/arm-none-eabi/4.7.3/../../../../arm-none-eabi/lib/armv7-m\libg.a
LOAD g:/coide/toolchain/bin/../lib/gcc/arm-none-eabi/4.7.3/../../../../arm-none-eabi/lib/armv7-m\libc.a
END GROUP
OUTPUT(ili9320-f103.elf elf32-littlearm)

.debug_info     0x00000000      0xf4f
 .debug_info    0x00000000      0xf4f C:\Users\Dmitry\AppData\Local\Temp\ccOkYtzI.ltrans0.ltrans.o

.debug_abbrev   0x00000000      0x2b3
 .debug_abbrev  0x00000000      0x2b3 C:\Users\Dmitry\AppData\Local\Temp\ccOkYtzI.ltrans0.ltrans.o

.debug_loc      0x00000000      0x740
 .debug_loc     0x00000000      0x740 C:\Users\Dmitry\AppData\Local\Temp\ccOkYtzI.ltrans0.ltrans.o

.debug_aranges  0x00000000       0x20
 .debug_aranges
                0x00000000       0x20 C:\Users\Dmitry\AppData\Local\Temp\ccOkYtzI.ltrans0.ltrans.o

.debug_line     0x00000000      0x438
 .debug_line    0x00000000      0x438 C:\Users\Dmitry\AppData\Local\Temp\ccOkYtzI.ltrans0.ltrans.o

.debug_str      0x00000000      0xa96
 .debug_str     0x00000000      0xa96 C:\Users\Dmitry\AppData\Local\Temp\ccOkYtzI.ltrans0.ltrans.o
                                0xae1 (size before relaxing)

.comment        0x00000000       0x70
 .comment       0x00000000       0x70 C:\Users\Dmitry\AppData\Local\Temp\ccOkYtzI.ltrans0.ltrans.o
                                 0x71 (size before relaxing)

.ARM.attributes
                0x00000000       0x33
 .ARM.attributes
                0x00000000       0x31 C:\Users\Dmitry\AppData\Local\Temp\ccOkYtzI.ltrans0.ltrans.o
 .ARM.attributes
                0x00000031       0x2d g:/coide/toolchain/bin/../lib/gcc/arm-none-eabi/4.7.3/../../../../arm-none-eabi/lib/armv7-m\libg.a(lib_a-memcpy.o)

.debug_frame    0x00000000      0x440
 .debug_frame   0x00000000      0x410 C:\Users\Dmitry\AppData\Local\Temp\ccOkYtzI.ltrans0.ltrans.o
 .debug_frame   0x00000410       0x30 g:/coide/toolchain/bin/../lib/gcc/arm-none-eabi/4.7.3/../../../../arm-none-eabi/lib/armv7-m\libg.a(lib_a-memcpy.o)
